[master ccee180] 0 of 100
 Committer: CS24000 Account <cs240@data.cs.purdue.edu>
Your name and email address were configured automatically based
on your username and hostname. Please check that they are accurate.
You can suppress this message by setting them explicitly:

    git config --global user.name "Your Name"
    git config --global user.email you@example.com

After doing this, you may fix the identity used for this commit with:

    git commit --amend --reset-author

 3 files changed, 18 insertions(+)
 create mode 100644 test/.local.git.out
 create mode 100644 test/.local.total.out
 create mode 100644 test/total.out
[master db052ae] 0 of 100
 Committer: CS24000 Account <cs240@data.cs.purdue.edu>
Your name and email address were configured automatically based
on your username and hostname. Please check that they are accurate.
You can suppress this message by setting them explicitly. Run the
following command and follow the instructions in your editor to edit
your configuration file:

    git config --global --edit

After doing this, you may fix the identity used for this commit with:

    git commit --amend --reset-author

 6 files changed, 30 insertions(+), 4 deletions(-)
[master f4ac365] 60 of 100
 Committer: CS24000 Account <cs240@data.cs.purdue.edu>
Your name and email address were configured automatically based
on your username and hostname. Please check that they are accurate.
You can suppress this message by setting them explicitly. Run the
following command and follow the instructions in your editor to edit
your configuration file:

    git config --global --edit

After doing this, you may fix the identity used for this commit with:

    git commit --amend --reset-author

 4 files changed, 28 insertions(+), 4 deletions(-)
 create mode 100755 high-low
[master c28b481] 100 of 100
 Committer: CS24000 Account <cs240@data.cs.purdue.edu>
Your name and email address were configured automatically based
on your username and hostname. Please check that they are accurate.
You can suppress this message by setting them explicitly. Run the
following command and follow the instructions in your editor to edit
your configuration file:

    git config --global --edit

After doing this, you may fix the identity used for this commit with:

    git commit --amend --reset-author

 5 files changed, 30 insertions(+), 5 deletions(-)
[master (root-commit) b1d14b4] 0 of 100
 Committer: CS24000 Account <cs240@data.cs.purdue.edu>
Your name and email address were configured automatically based
on your username and hostname. Please check that they are accurate.
You can suppress this message by setting them explicitly. Run the
following command and follow the instructions in your editor to edit
your configuration file:

    git config --global --edit

After doing this, you may fix the identity used for this commit with:

    git commit --amend --reset-author

 21 files changed, 705 insertions(+)
 create mode 100644 add.c
 create mode 100644 add.h
 create mode 100644 exp.c
 create mode 100644 exp_dec.c
 create mode 100644 exp_short.c
 create mode 100644 high-low.c
 create mode 100755 minmax
 create mode 100644 minmax.c
 create mode 100644 test/.local.git.out
 create mode 100644 test/.local.total.out
 create mode 100644 test/README
 create mode 100644 test/README-NEW_TESTS
 create mode 100755 test/in1
 create mode 100755 test/test0
 create mode 100755 test/test1
 create mode 100755 test/test2
 create mode 100755 test/test3
 create mode 100755 test/test4
 create mode 100755 test/testall
 create mode 100644 test/testing.tcl
 create mode 100644 test/total.out
[master 30d96de] 0 of 100
 Committer: CS24000 Account <cs240@data.cs.purdue.edu>
Your name and email address were configured automatically based
on your username and hostname. Please check that they are accurate.
You can suppress this message by setting them explicitly. Run the
following command and follow the instructions in your editor to edit
your configuration file:

    git config --global --edit

After doing this, you may fix the identity used for this commit with:

    git commit --amend --reset-author

 2 files changed, 45 insertions(+)
[master 6b0d4b4] 0 of 100
 Committer: CS24000 Account <cs240@data.cs.purdue.edu>
Your name and email address were configured automatically based
on your username and hostname. Please check that they are accurate.
You can suppress this message by setting them explicitly. Run the
following command and follow the instructions in your editor to edit
your configuration file:

    git config --global --edit

After doing this, you may fix the identity used for this commit with:

    git commit --amend --reset-author

 3 files changed, 25 insertions(+)
[master a32465e] 20 of 100
 Committer: Nanxin Jin <jinn@data.cs.purdue.edu>
Your name and email address were configured automatically based
on your username and hostname. Please check that they are accurate.
You can suppress this message by setting them explicitly. Run the
following command and follow the instructions in your editor to edit
your configuration file:

    git config --global --edit

After doing this, you may fix the identity used for this commit with:

    git commit --amend --reset-author

 11 files changed, 63 insertions(+), 4 deletions(-)
 create mode 100755 a.out
 create mode 100644 add.o
 create mode 100755 exp
 create mode 100644 exp_short.o
 create mode 100755 hello
 create mode 100644 hello.c
 create mode 100755 high-low
[master 26702c2] 20 of 100
 Committer: Nanxin Jin <jinn@data.cs.purdue.edu>
Your name and email address were configured automatically based
on your username and hostname. Please check that they are accurate.
You can suppress this message by setting them explicitly. Run the
following command and follow the instructions in your editor to edit
your configuration file:

    git config --global --edit

After doing this, you may fix the identity used for this commit with:

    git commit --amend --reset-author

 5 files changed, 55 insertions(+), 19 deletions(-)
 create mode 100644 .minmax.c.swp
[master b35e15b] 40 of 100
 Committer: Nanxin Jin <jinn@data.cs.purdue.edu>
Your name and email address were configured automatically based
on your username and hostname. Please check that they are accurate.
You can suppress this message by setting them explicitly. Run the
following command and follow the instructions in your editor to edit
your configuration file:

    git config --global --edit

After doing this, you may fix the identity used for this commit with:

    git commit --amend --reset-author

 5 files changed, 29 insertions(+), 3 deletions(-)
 rewrite high-low (78%)
[master cd2960e] 60 of 100
 Committer: Nanxin Jin <jinn@data.cs.purdue.edu>
Your name and email address were configured automatically based
on your username and hostname. Please check that they are accurate.
You can suppress this message by setting them explicitly. Run the
following command and follow the instructions in your editor to edit
your configuration file:

    git config --global --edit

After doing this, you may fix the identity used for this commit with:

    git commit --amend --reset-author

 5 files changed, 33 insertions(+), 5 deletions(-)
[master b8a3aba] 60 of 100
 Committer: Nanxin Jin <jinn@data.cs.purdue.edu>
Your name and email address were configured automatically based
on your username and hostname. Please check that they are accurate.
You can suppress this message by setting them explicitly. Run the
following command and follow the instructions in your editor to edit
your configuration file:

    git config --global --edit

After doing this, you may fix the identity used for this commit with:

    git commit --amend --reset-author

 4 files changed, 28 insertions(+), 1 deletion(-)
[master da74c52] 60 of 100
 Committer: Nanxin Jin <jinn@pod4-3.cs.purdue.edu>
Your name and email address were configured automatically based
on your username and hostname. Please check that they are accurate.
You can suppress this message by setting them explicitly. Run the
following command and follow the instructions in your editor to edit
your configuration file:

    git config --global --edit

After doing this, you may fix the identity used for this commit with:

    git commit --amend --reset-author

 3 files changed, 24 insertions(+)
 delete mode 100644 .minmax.c.swp
[master 3a4aff7] 100 of 100
 Committer: Nanxin Jin <jinn@pod4-3.cs.purdue.edu>
Your name and email address were configured automatically based
on your username and hostname. Please check that they are accurate.
You can suppress this message by setting them explicitly. Run the
following command and follow the instructions in your editor to edit
your configuration file:

    git config --global --edit

After doing this, you may fix the identity used for this commit with:

    git commit --amend --reset-author

 6 files changed, 30 insertions(+), 4 deletions(-)
 create mode 100644 hih-low.c
[master 2a766d0] 100 of 100
 Committer: Nanxin Jin <jinn@pod4-3.cs.purdue.edu>
Your name and email address were configured automatically based
on your username and hostname. Please check that they are accurate.
You can suppress this message by setting them explicitly. Run the
following command and follow the instructions in your editor to edit
your configuration file:

    git config --global --edit

After doing this, you may fix the identity used for this commit with:

    git commit --amend --reset-author

 2 files changed, 25 insertions(+)
